*****************************************************************
      SolidWorks Corporation - IGES Processor Status Report
*****************************************************************
=================================================================
General Information
=================================================================
Sending System Product I.D.  : centerlines.sldprt
Receiving System Product I.D.: centerlines.sldprt
File Name                    : C:\Users\michael\flg\tympani\cad\from_photos\centerlines.IGS
Sending System               : SolidWorks 2011
Preprocessor Version         : SolidWorks 2011
File Creation Date           : 110525.234201
Model Creation Date          : 110525.234201
Units                        : MM
Model Space Scale            : 1
Author                       : michael
Organization                 : 


=================================================================
Entity Processing Information
=================================================================


=================================================================
Precision analysis of IGES file:
=================================================================
  Most prevalent number of significant digits:              13
  Highest number of significant digits:                     13
  Average number of significant digits:                6.55556
  Maximum distance to origin:                          10223.3
  Minimum distance to origin:                                0
  Effective number of significant digits:                   13


=================================================================
Entity Summary
=================================================================
-----------------------------------------------------------------
Type Name                                         Count Converted
---- ----                                         ----- ---------
110  Line                                             2         2
112  Parametric spline curve                          3         3
314  Color definition                                 1         1
402  Associativity instance                           1         1
_________________________________________________________________


=================================================================
Result Summary
=================================================================
SolidWorks Feature Type                Count
-----------------------                -----
Solid feature(s)                       0
Surface feature(s)                     0
Curve/Sketch feature(s)                5
--------------------------------------------
Start time: Wednesday, May 25, 2011 23:42:09
Finish time: Wednesday, May 25, 2011 23:42:11
Processing time: 0 days, 00 hours, 00 mins, 02 secs
